AdditiveAnimations
AppBanner
AlwaysUseComplexText
ApplicationCache
AudioOutputDevices
AudioVideoTracks
AuthorShadowDOMForAnyElement
BackgroundSync
BackgroundSyncPeriodic
BackgroundSyncV2
BleedingEdgeFastPaths
CacheStorageMatchAll
ClientHints
ColumnFill
CompositedSelectionUpdate
CompositorWorker
CompositorAnimationTimelines
ContextMenu
CreateShadowRootWithParameter
CredentialManager
CSS3Text
CSS3TextDecorations
CSSAttributeCaseSensitivity
CSSBackdropFilter
CSSCompositing
CSSFontSizeAdjust
CSSGridLayout
CSSIndependentTransformProperties
CSSMaskSourceType
CSSMotionPath
CSSOMSmoothScroll
CSSStickyPosition
CSSTouchActionPanDirections
CSSViewport
CSSScrollSnapPoints
CustomSchemeHandler
Database
DecodeToYUV
DeviceLight
DisplayList2dCanvas
DurableStorage
ForceDisplayList2dCanvas
EncryptedMedia
ExecCommandInJavaScript
ComputedAccessibilityInfo
ExperimentalCanvasFeatures
ExperimentalContentSecurityPolicyFeatures
FastMobileScrolling
FileAPIBlobClose
FileSystem
FormDataNewMethods
FullscreenUnprefixed
FrameTimingSupport
Geofencing
GeometryInterfaces
GetUserMedia
GlobalCacheStorage
ImageColorProfiles
ImageOrientation
ImageRenderingPixelated
IndexedDBExperimental
InputDeviceCapabilities
InputModeAttribute
KeyboardEventCode
KeyboardEventKey
LangAttributeAwareFormControlUI
LinkPreconnect
LinkPreload
LinkHeader
FractionalScrollOffsets
Media
MediaCapture
MediaController
MediaDevices
MediaRecorder
MediaSession
MediaSource
MediaSourceExperimental
MediaStreamSpeech
MemoryInfoInWorkers
NavigatorConnect
NavigatorContentUtils
WebNFC
NetworkInformation
NetInfoDownlinkMax
NewMediaPlaybackUi
NotificationConstructor
NotificationExperimental
Notifications
OrientationEvent
ForceOverlayFullscreenVideo
OverlayScrollbars
PagePopup
PathOpsSVGClipping
PerformanceObserver
Permissions
PermissionsRequestRevoke
PointerEvent
PreciseMemoryInfo
PrefixedEncryptedMedia
PrefixedVideoFullscreen
Presentation
PromiseRejectionEvent
PushMessaging
PushMessagingData
QuotaPromise
ReducedReferrerGranularity
RequestIdleCallback
RequestAutocomplete
RestrictIFramePermissions
SandboxBlocksModals
ScreenOrientation
ScriptedSpeech
ScrollTopLeftInterop
SelectionForComposedTree
SelectionPaintingWithoutSelectionGaps
ServiceWorkerClientAttributes
ServiceWorkerPerformanceTimeline
ServiceWorkerWindowClientNavigate
ShadowRootClosedMode
ShadowRootDelegatesFocus
SharedArrayBuffer
SharedWorker
SlimmingPaintV2
SlimmingPaintOffsetCaching
SlimmingPaintStrictCullRectClipping
SlimmingPaintSubsequenceCaching
SlimmingPaintUnderInvalidationChecking
StackedCSSPropertyAnimations
StyleSharing
StyleMatchedPropertiesCache
ExperimentalStream
ReferrerPolicyAttribute
Suborigins
ThreadedParserDataReceiver
Touch
TouchIconLoading
TrustedEvents
TrustedEventsDefaultAction
UnsafeES3APIs
UnsandboxedAuxiliary
UserSelectAll
WebAnimationsAPI
WebAnimationsSVG
WebAudio
WebBluetooth
WebGLDraftExtensions
WebGLImageChromium
WebUSB
WebVR
WebVTTRegions
V8IdleTasks
XSLT
SVG1DOM
smil
ScrollCustomization
ScrollRestoration
WakeLock
