defaultTextEncodingName
passwordEchoEnabled
passwordEchoDurationInSeconds
validationMessageTimerMagnification
minimumAccelerated2dCanvasSize
minimumFontSize
minimumLogicalFontSize
defaultFontSize
defaultFixedFontSize
editingBehaviorType
caretBrowsingEnabled
localStorageEnabled
allowUniversalAccessFromFileURLs
allowFileAccessFromFileURLs
javaScriptCanOpenWindowsAutomatically
supportsMultipleWindows
javaScriptCanAccessClipboard
shouldPrintBackgrounds
shouldClearDocumentBackground
textAreasAreResizable
acceleratedCompositingEnabled
offlineWebApplicationCacheEnabled
usesEncodingDetector
allowScriptsToCloseWindows
downloadableBinaryFontsEnabled
xssAuditorEnabled
unsafePluginPastingEnabled
preferCompositingToLCDTextEnabled
webGLEnabled
webGLErrorsToConsoleEnabled
accelerated2dCanvasEnabled
antialiased2dCanvasEnabled
antialiasedClips2dCanvasEnabled
accelerated2dCanvasMSAASampleCount
webAudioEnabled
asynchronousSpellCheckingEnabled
hyperlinkAuditingEnabled
allowDisplayOfInsecureContent
allowRunningOfInsecureContent
mediaControlsOverlayPlayButtonEnabled
mediaPlaybackRequiresUserGesture
scrollAnimatorEnabled
threadedScrollingEnabled
rootLayerScrolls
mockGestureTapHighlightsEnabled
shouldRespectImageOrientation
deviceSupportsTouch
deviceSupportsMouse
maxTouchPoints
touchAdjustmentEnabled
multiTargetTapNotificationEnabled
syncXHRInDocumentsEnabled
cookieEnabled
navigateOnDragDrop
DOMPasteAllowed
allowCustomScrollbarInMainFrame
webSecurityEnabled
spatialNavigationEnabled
touchDragDropEnabled
unifiedTextCheckerEnabled
defaultVideoPosterURL
smartInsertDeleteEnabled
selectTrailingWhitespaceEnabled
selectionIncludesAltImageText
selectionStrategy
useLegacyBackgroundSizeShorthandBehavior
viewportMetaZeroValuesQuirk
ignoreMainFrameOverflowHiddenQuirk
reportScreenSizeInPhysicalPixelsQuirk
viewportMetaMergeContentQuirk
wideViewportQuirkEnabled
forceZeroLayoutHeight
mainFrameClipsContent
useWideViewport
loadWithOverviewMode
touchEditingEnabled
useSolidColorScrollbars
pinchOverlayScrollbarThickness
invertViewportScrollOrder
rubberBandingOnCompositorThread
accessibilityFontScaleFactor
mediaTypeOverride
displayModeOverride
loadsImagesAutomatically
imagesEnabled
imageAnimationPolicy
backgroundHtmlParserOutstandingTokenLimit
backgroundHtmlParserPendingTokenLimit
doHtmlPreloadScanning
pluginsEnabled
viewportEnabled
viewportMetaEnabled
dnsPrefetchingEnabled
layerSquashingEnabled
scriptEnabled
deviceScaleAdjustment
maxBeaconTransmission
fullscreenSupported
v8CacheOptions
availablePointerTypes
availableHoverTypes
primaryPointerType
primaryHoverType
accessibilityEnabled
accessibilityPasswordValuesEnabled
inlineTextBoxAccessibilityEnabled
showContextMenuOnMouseUp
disableReadingFromCanvas
strictMixedContentChecking
strictMixedContentCheckingForPlugin
strictPowerfulFeatureRestrictions
strictlyBlockBlockableMixedContent
logDnsPrefetchAndPreconnect
logPreload
useMobileViewportStyle
textTrackKindUserPreference
textTrackBackgroundColor
textTrackFontFamily
textTrackFontStyle
textTrackFontVariant
textTrackTextColor
textTrackTextShadow
textTrackTextSize
lowPriorityIframes
reportWheelOverscroll
mainResourceOnlyProgress
preferHiddenVolumeControls
fetchDeferLateScripts
fetchIncreaseFontPriority
fetchIncreaseAsyncScriptPriority
fetchIncreasePriorities
autoplayExperimentMode
