IsLink
BorderLeftColorIsCurrentColor
BorderRightColorIsCurrentColor
BorderTopColorIsCurrentColor
BorderBottomColorIsCurrentColor
Display
DisplayLayoutCustomName
DisplayLayoutCustomParentName
OriginalDisplay
InsideLink
InsideNGFragmentationContext
HasAttrContent
AffectedByFocusWithin
AffectedByHover
AffectedByActive
AffectedByDrag
HasVariableReferenceFromNonInheritedProperty
HasExplicitlyInheritedProperties
HasViewportUnits
HasRemUnits
HasGlyphRelativeUnits
StyleType
PseudoBits
HasSimpleUnderline
VerticalAlign
VerticalAlignLength
border-image
Background
HasAutoClip
HasAutoZIndex
font
TextAutosizingMultiplier
CursorData
TextStrokeColorIsCurrentColor
TextFillColorIsCurrentColor
TextEmphasisColorIsCurrentColor
CaretColorIsCurrentColor
CaretColorIsAuto
InternalVisitedTextStrokeColorIsCurrentColor
InternalVisitedTextFillColorIsCurrentColor
InternalVisitedTextEmphasisColorIsCurrentColor
InternalVisitedCaretColorIsCurrentColor
InternalVisitedCaretColorIsAuto
TextEmphasisFill
TextEmphasisMark
TextIndentLine
TextIndentType
SubtreeWillChangeContents
SelfOrAncestorHasDirAutoAttribute
SubtreeIsSticky
HyphenationLimitBefore
HyphenationLimitAfter
HyphenationLimitLines
EffectiveTouchAction
EffectiveAppearance
TextEmphasisCustomMark
AppliedTextDecorations
InheritedVariables
InitialData
Mask
CounterDirectives
Animations
Transitions
MaskBoxImage
PageSize
OutlineColorIsCurrentColor
OutlineStyleIsAuto
CallbackSelectors
PaintImages
NonInheritedVariables
PageSizeType
HasCurrentOpacityAnimation
HasCurrentTransformAnimation
HasCurrentFilterAnimation
HasCurrentBackdropFilterAnimation
IsRunningOpacityAnimationOnCompositor
IsRunningTransformAnimationOnCompositor
IsRunningFilterAnimationOnCompositor
IsRunningBackdropFilterAnimationOnCompositor
IsStackingContext
RequiresAcceleratedCompositingForExternalReasons
HasAuthorBackground
HasAuthorBorder
WillChangeProperties
WillChangeContents
WillChangeScrollPosition
ColumnRuleColorIsCurrentColor
HasAutoColumnWidth
HasAutoColumnCount
NamedGridColumnLines
NamedGridRowLines
OrderedNamedGridColumnLines
OrderedNamedGridRowLines
AutoRepeatNamedGridColumnLines
AutoRepeatNamedGridRowLines
AutoRepeatOrderedNamedGridColumnLines
AutoRepeatOrderedNamedGridRowLines
NamedGridArea
NamedGridAreaRowCount
NamedGridAreaColumnCount
GridAutoRepeatColumns
GridAutoRepeatRows
GridAutoRepeatColumnsInsertionPoint
GridAutoRepeatRowsInsertionPoint
GridAutoRepeatColumnsType
GridAutoRepeatRowsType
IsEnsuredInDisplayNone
MayHaveMargin
MayHavePadding
DarkColorScheme
IsInBlockifyingDisplay
IsFlexOrGridOrCustomItem
ListStyleType
ListStyleStringValue
IsEnsuredOutsideFlatTree
IsInsideListElement
ShouldIgnoreOverflowPropertyForInlineBlockBaseline
