IsLink
BorderLeftColorIsCurrentColor
BorderRightColorIsCurrentColor
BorderTopColorIsCurrentColor
BorderBottomColorIsCurrentColor
Display
DisplayLayoutCustomName
DisplayLayoutCustomParentName
OriginalDisplay
InsideLink
HasAttrContent
AffectedByFocusWithin
AffectedByHover
AffectedByActive
AffectedByDrag
HasVariableReferenceFromNonInheritedProperty
HasExplicitlyInheritedProperties
HasViewportUnits
HasRemUnits
StyleType
PseudoBits
HasSimpleUnderline
VerticalAlign
VerticalAlignLength
border-image
Background
HasAutoClip
HasAutoZIndex
font
VisitedLinkColor
TextAutosizingMultiplier
VisitedLinkTextStrokeColor
VisitedLinkTextFillColor
VisitedLinkTextEmphasisColor
VisitedLinkCaretColor
CursorData
EffectiveZoom
TextStrokeColorIsCurrentColor
TextFillColorIsCurrentColor
TextEmphasisColorIsCurrentColor
CaretColorIsCurrentColor
CaretColorIsAuto
VisitedLinkTextStrokeColorIsCurrentColor
VisitedLinkTextFillColorIsCurrentColor
VisitedLinkTextEmphasisColorIsCurrentColor
VisitedLinkCaretColorIsCurrentColor
VisitedLinkCaretColorIsAuto
TextEmphasisFill
TextEmphasisMark
TextIndentLine
TextIndentType
SubtreeWillChangeContents
SelfOrAncestorHasDirAutoAttribute
SubtreeIsSticky
HyphenationLimitBefore
HyphenationLimitAfter
HyphenationLimitLines
EffectiveTouchAction
TextEmphasisCustomMark
AppliedTextDecorations
InheritedVariables
InitialData
Mask
CounterDirectives
Animations
Transitions
MaskBoxImage
PageSize
OutlineColorIsCurrentColor
OutlineStyleIsAuto
VisitedLinkTextDecorationColor
VisitedLinkBackgroundColor
VisitedLinkOutlineColor
VisitedLinkBorderLeftColor
VisitedLinkBorderRightColor
VisitedLinkBorderTopColor
VisitedLinkBorderBottomColor
CallbackSelectors
PaintImages
NonInheritedVariables
PageSizeType
HasCurrentOpacityAnimation
HasCurrentTransformAnimation
HasCurrentFilterAnimation
HasCurrentBackdropFilterAnimation
IsRunningOpacityAnimationOnCompositor
IsRunningTransformAnimationOnCompositor
IsRunningFilterAnimationOnCompositor
IsRunningBackdropFilterAnimationOnCompositor
IsStackingContext
RequiresAcceleratedCompositingForExternalReasons
HasAuthorBackground
HasAuthorBorder
WillChangeProperties
WillChangeContents
WillChangeScrollPosition
ColumnRuleColorIsCurrentColor
VisitedLinkColumnRuleColor
HasAutoColumnWidth
HasAutoColumnCount
NamedGridColumnLines
NamedGridRowLines
OrderedNamedGridColumnLines
OrderedNamedGridRowLines
AutoRepeatNamedGridColumnLines
AutoRepeatNamedGridRowLines
AutoRepeatOrderedNamedGridColumnLines
AutoRepeatOrderedNamedGridRowLines
NamedGridArea
NamedGridAreaRowCount
NamedGridAreaColumnCount
GridAutoRepeatColumns
GridAutoRepeatRows
GridAutoRepeatColumnsInsertionPoint
GridAutoRepeatRowsInsertionPoint
GridAutoRepeatColumnsType
GridAutoRepeatRowsType
IsEnsuredInDisplayNone
MayHaveMargin
MayHavePadding
DarkColorScheme
