IsLink
Display
DisplayLayoutCustomName
DisplayLayoutCustomParentName
OriginalDisplay
InsideLink
InsideNGFragmentationContext
HasAttrContent
HasNonInheritedLightDarkValue
AffectedByFocusWithin
AffectedByHover
AffectedByActive
AffectedByDrag
HasVariableReferenceFromNonInheritedProperty
HasVariableReference
HasVariableDeclaration
ChildHasExplicitInheritance
HasExplicitInheritance
HasViewportUnits
HasRemUnits
HasEmUnits
HasGlyphRelativeUnits
StyleType
PseudoBits
HasSimpleUnderline
VerticalAlign
VerticalAlignLength
border-image
Background
HasAutoClip
HasAutoZIndex
font
TextAutosizingMultiplier
CursorData
EffectiveZoom
TextEmphasisFill
TextEmphasisMark
TextIndentLine
TextIndentType
SubtreeWillChangeContents
SelfOrAncestorHasDirAutoAttribute
SubtreeIsSticky
HyphenationLimitBefore
HyphenationLimitAfter
HyphenationLimitLines
EffectiveTouchAction
EffectiveAppearance
TextEmphasisCustomMark
AppliedTextDecorations
InheritedVariables
InitialData
Mask
CounterDirectives
Animations
Transitions
MaskBoxImage
PageSize
OutlineStyleIsAuto
CallbackSelectors
PaintImages
NonInheritedVariables
PageSizeType
HasCurrentOpacityAnimation
HasCurrentTransformAnimation
HasCurrentFilterAnimation
HasCurrentBackdropFilterAnimation
IsRunningOpacityAnimationOnCompositor
IsRunningTransformAnimationOnCompositor
IsRunningFilterAnimationOnCompositor
IsRunningBackdropFilterAnimationOnCompositor
IsStackingContextWithoutContainment
RequiresAcceleratedCompositingForExternalReasons
HasAuthorBackground
HasAuthorBorder
WillChangeProperties
WillChangeContents
WillChangeScrollPosition
HasAutoColumnWidth
HasAutoColumnCount
NamedGridColumnLines
NamedGridRowLines
OrderedNamedGridColumnLines
OrderedNamedGridRowLines
AutoRepeatNamedGridColumnLines
AutoRepeatNamedGridRowLines
AutoRepeatOrderedNamedGridColumnLines
AutoRepeatOrderedNamedGridRowLines
ImplicitNamedGridColumnLines
ImplicitNamedGridRowLines
NamedGridArea
NamedGridAreaRowCount
NamedGridAreaColumnCount
GridAutoRepeatColumns
GridAutoRepeatRows
GridAutoRepeatColumnsInsertionPoint
GridAutoRepeatRowsInsertionPoint
GridAutoRepeatColumnsType
GridAutoRepeatRowsType
IsEnsuredInDisplayNone
MayHaveMargin
MayHavePadding
DarkColorScheme
IsInBlockifyingDisplay
IsFlexOrGridOrCustomItem
IsFlexOrGridItem
ListStyleType
ListStyleStringValue
IsEnsuredOutsideFlatTree
IsInsideListElement
ShouldIgnoreOverflowPropertyForInlineBlockBaseline
MathBaseline
MathFractionBarThickness
MathScriptLevel
EffectiveZIndexZero
