BackgroundFetchRegistration
BatteryManager
Bluetooth
BluetoothDevice
BluetoothRemoteGATTCharacteristic
CookieStore
DelegatedInkTrail
MediaKeySession
FileWriter
GPUDevice
HID
HIDDevice
IdleDetector
ImageCapture
IDBDatabase
IDBOpenDBRequest
IDBRequest
IDBTransaction
MediaRecorder
MediaSource
SourceBuffer
SourceBufferList
MediaDevices
MediaStream
MediaStreamTrack
RTCDTMFSender
RTCDataChannel
RTCDtlsTransport
RTCPeerConnection
RTCSctpTransport
NDEFReader
NetworkInformation
Notification
PaymentRequest
RTCIceTransport
RTCQuicStream
RTCQuicTransport
PermissionStatus
HTMLVideoElementPictureInPicture
PictureInPictureWindow
PresentationAvailability
PresentationConnection
PresentationConnectionList
PresentationRequest
RemotePlayback
ScreenOrientation
Sensor
Serial
ServiceWorker
ServiceWorkerContainer
ServiceWorkerGlobalScope
ServiceWorkerRegistration
SMSReceiver
SpeechRecognition
SpeechSynthesis
SpeechSynthesisUtterance
AudioContext
AudioNode
MIDIAccess
MIDIInput
MIDIPort
VirtualKeyboard
XR
XRSession
XRSpace
WebSocket
USB
WakeLockSentinel
