Accelerated2dCanvas
AcceleratedSmallCanvases
AccessibilityExposeARIAAnnotations
AccessibilityExposeDisplayNone
AccessibilityExposeHTMLElement
AccessibilityObjectModel
AddressSpace
AdTagging
AllowActivationDelegationAttr
AllowContentInitiatedDataUrlNavigations
AllowSyncXHRInPageDismissal
AnimationWorklet
AOMAriaProperties
AOMAriaRelationshipProperties
AppCache
AudioOutputDevices
AudioVideoTracks
AudioWorkletRealtimeThread
AutoLazyLoadOnReloads
AutomaticLazyFrameLoading
AutomaticLazyImageLoading
AutomationControlled
AutoPictureInPicture
AutoplayIgnoresWebAudio
BackForwardCache
BackgroundFetch
BackgroundVideoTrackOptimization
Badging
BarcodeDetector
BeforeMatchEvent
BidiCaretAffinity
BlinkRuntimeCallStats
BlockCredentialedSubresources
BlockFlowHandlesWebkitLineClamp
BlockHTMLParserOnStyleSheets
BlockingDownloadsInSandbox
BlockingFocusWithoutUserActivation
BrowserVerifiedUserActivationKeyboard
BrowserVerifiedUserActivationMouse
CacheInlineScriptCode
CacheStorageCodeCacheHint
Canvas2dContextLostRestored
Canvas2dImageChromium
Canvas2dScrollPathIntoView
CanvasColorManagement
CanvasHitRegion
CanvasImageSmoothing
CaptureTimeInCsrc
ClickPointerEvent
ClickRetargetting
CompositeAfterPaint
CompositedSelectionUpdate
ComputedAccessibilityInfo
ConsolidatedMovementXY
ContactsManager
ContactsManagerExtraProperties
ContentIndex
ContextMenu
ConversionMeasurement
CookieDeprecationMessages
CookieStoreDocument
CookieStoreWorker
CookiesWithoutSameSiteMustBeSecure
CooperativeScheduling
CorsRFC1918
CrossOriginIsolation
CSS3Text
CSSAspectRatioProperty
CSSCalcAsInt
CSSCascade
CSSColorScheme
CSSColorSchemeUARendering
CSSContentVisibility
CSSContentVisibilityHiddenMatchable
CSSFocusVisible
CSSFoldables
CSSFontSizeAdjust
CSSHexAlphaColor
CSSIndependentTransformProperties
CSSLayoutAPI
CSSLogical
CSSLogicalOverflow
CSSMarkerPseudoElement
CSSMatchedPropertiesCacheDependencies
CSSMathStyle
CSSMathSuperscriptShiftStyle
CSSMathVariant
CSSModules
CSSOffsetPathRay
CSSOffsetPathRayContain
CSSOffsetPositionAnchor
CSSOMViewScrollCoordinates
CSSPaintAPIArguments
CSSPictureInPicture
CSSPseudoIs
CSSPseudoWhere
CSSReducedFontLoadingInvalidations
CSSReducedFontLoadingLayoutInvalidations
CSSRevert
CSSScrollTimeline
CSSSnapSize
CSSSupportsSelector
CSSVariables2AtProperty
CSSVariables2ImageValues
CSSVariables2TransformValues
CustomElementDefaultStyle
CustomElementsV0
CustomStatePseudoClass
Database
DeclarativeShadowDOM
DecodeJpeg420ImagesToYUV
DecodeLossyWebPImagesToYUV
DelayAsyncScriptExecutionUntilFinishedParsing
DelayAsyncScriptExecutionUntilFirstPaintOrFinishedParsing
DelegatedInkTrails
DesktopCaptureDisableLocalEchoControl
DigitalGoods
DisableHardwareNoiseSuppression
DisableLayerSquashing
DisallowDocumentAccess
DisplayCutoutAPI
DocumentCookie
DocumentDomain
DocumentPolicy
DocumentWrite
EditContext
EditingNG
EncryptedMediaEncryptionSchemeQuery
EncryptedMediaHdcpPolicyCheck
EncryptedMediaPersistentUsageRecordSession
EnterKeyHintAttribute
EventTiming
ExecCommandInJavaScript
ExpensiveBackgroundTimerThrottling
ExperimentalAutoplayDynamicDelegation
ExperimentalContentSecurityPolicyFeatures
ExperimentalIsInputPending
ExperimentalJSProfiler
ExperimentalProductivityFeatures
ExtendedTextMetrics
ExtraWebGLVideoTextureMetadata
FaceDetector
FeaturePolicyForClientHints
FeaturePolicyForSandbox
FeaturePolicyReporting
FeaturePolicyVibrateFeature
FetchUploadStreaming
FileHandling
FileSystem
FlexGaps
FocuslessSpatialNavigation
FontAccess
FontSrcLocalMatching
ForcedColors
ForceDeferScriptIntervention
ForceEagerMeasureMemory
ForceLoadAtTop
ForceOverlayFullscreenVideo
ForceSynchronousHTMLParsing
ForceTallerSelectPopup
FractionalScrollOffsets
FreezeFramesOnVisibility
GamepadButtonAxisEvents
GetDisplayMedia
GroupEffect
HrefTranslate
HTMLImports
IDBObserver
IDBRelaxedDurability
IdleDetection
IgnoreCrossOriginWindowWhenNamedAccessOnWindow
ImageOrientation
ImplicitRootScroller
ImportMaps
InertAttribute
InputElementRawValue
InputMultipleFieldsUI
InstalledApp
IntersectionObserverDocumentScrollingElementRoot
IsolatedCodeCache
IsolatedWorldCSP
KeyboardFocusableScrollers
LangAttributeAwareFormControlUI
LangClientHintHeader
LayoutNG
LayoutNGBlockFragmentation
LayoutNGFieldset
LayoutNGFlexBox
LayoutNGForControls
LayoutNGFragmentItem
LayoutNGFragmentTraversal
LayoutNGGrid
LayoutNGRuby
LayoutNGTable
LayoutShiftAttribution
LazyFrameLoading
LazyFrameVisibleLoadTimeMetrics
LazyImageLoading
LazyImageVisibleLoadTimeMetrics
LazyInitializeMediaControls
LegacyNativeFileSystem
LegacyWindowsDWriteFontFallback
LinkDisabledNewSpecBehavior
ManualSlotting
MathMLCore
MeasureMemory
MediaCapabilitiesDynamicRange
MediaCapabilitiesEncodingInfo
MediaCapabilitiesEncryptedMedia
MediaCapabilitiesSpatialAudio
MediaCapture
MediaCaptureDepthVideoKind
MediaCapturePanTilt
MediaCastOverlayButton
MediaControlsExpandGesture
MediaControlsOverlayPlayButton
MediaControlsUseCutOutByDefault
MediaDocumentDownloadButton
MediaElementVolumeGreaterThanOne
MediaEngagementBypassAutoplayPolicies
MediaFeeds
MediaLatencyHint
MediaQueryNavigationControls
MediaSession
MediaSessionPosition
MediaSourceExperimental
MediaSourceInWorkers
MediaSourceNewAbortAndDuration
MediaSourceStable
MetaColorScheme
MiddleClickAutoscroll
MobileLayoutTheme
ModuleServiceWorker
ModuleSharedWorker
MojoJS
MojoJSTest
MouseSubframeNoImplicitCapture
NamedPages
NativeFileSystem
NativeIO
NavigatorContentUtils
NavigatorLanguageInInsecureContext
NetInfoDownlinkMax
NeverSlowMode
NewCanvas2DAPI
NewRemotePlaybackPipeline
NoIdleEncodingForWebTests
NotificationConstructor
NotificationContentImage
Notifications
NotificationTriggers
OffMainThreadCSSPaint
OffscreenCanvasCommit
OnDeviceChange
OrientationEvent
OriginIsolationHeader
OriginPolicy
OriginTrialsSampleAPI
OriginTrialsSampleAPIDependent
OriginTrialsSampleAPIDeprecation
OriginTrialsSampleAPIImplied
OriginTrialsSampleAPIInvalidOS
OriginTrialsSampleAPINavigation
OriginTrialsSampleAPIThirdParty
OutOfBlinkCors
OverflowIconsForMediaControls
OverscrollCustomization
PageFreezeOptIn
PageFreezeOptOut
PagePopup
PaintUnderInvalidationChecking
ParseUrlProtocolHandler
PassPaintVisualRectToCompositor
PasswordReveal
PaymentApp
PaymentHandlerChangePaymentMethod
PaymentHandlerHandlesShippingAndContact
PaymentHandlerMinimalUI
PaymentMethodChangeEvent
PaymentRequest
PaymentRequestMerchantValidationEvent
PaymentRetry
PercentBasedScrolling
PerformanceManagerInstrumentation
PeriodicBackgroundSync
PerMethodCanMakePaymentQuota
PermissionDelegation
Permissions
PermissionsRequestRevoke
PictureInPicture
PictureInPictureAPI
PictureInPictureV2
PNaCl
PointerLockOptions
PointerRawUpdate
Portals
PostAnimationFrame
PreciseMemoryInfo
PreferNonCompositedScrolling
PrefixedVideoFullscreen
Presentation
PriorityHints
PushMessaging
PushMessagingSubscriptionChange
QuicTransport
RawClipboard
ReducedReferrerGranularity
RemotePlayback
RemotePlaybackBackend
RequestVideoFrameCallback
ResizeObserverUpdates
RestrictAppCacheToSecureContexts
RestrictAutomaticLazyFrameLoadingToDataSaver
RestrictAutomaticLazyImageLoadingToDataSaver
RtcAudioJitterBufferMaxPackets
RtcAudioJitterBufferRtxHandling
RTCIceTransportExtension
RTCInsertableStreams
RTCQuicTransport
RTCStatsRelativePacketArrivalDelay
RTCSvcScalabilityMode
RTCUnifiedPlan
RTCUnifiedPlanByDefault
SameSiteByDefaultCookies
ScreenWakeLock
ScriptedSpeechRecognition
ScriptedSpeechSynthesis
ScrollCustomization
ScrollSnapAfterLayout
ScrollTimeline
ScrollTopLeftInterop
ScrollUnification
SendBeaconThrowForBlobWithNonSimpleType
SendMouseEventsDisabledFormControls
SensorExtraClasses
Serial
ServiceWorkerClientLifecycleState
ServiceWorkerFetchEventWorkerTiming
ShadowDOMV0
SharedArrayBuffer
SharedWorker
SignatureBasedIntegrity
SignedExchangePrefetchCacheForNavigations
SignedExchangeSubresourcePrefetch
SkipAd
SkipTouchEventFilter
SmsReceiver
SquashAfterPaint
StableBlinkFeatures
StorageAccessAPI
StrictMimeTypesForWorkers
SubresourceWebBundles
SurfaceEmbeddingFeatures
SystemWakeLock
TestFeature
TestFeatureDependent
TestFeatureImplied
TextDetector
TextFragmentIdentifiers
ThirdPartyOriginTrials
TimerThrottlingForBackgroundTabs
TimerThrottlingForHiddenFrames
TimeZoneChangeEvent
TouchEventFeatureDetection
TrackLayoutPassesPerBlock
TransferableStreams
TransformInterop
TranslateService
TrustedDOMTypes
TrustTokens
TrustTokensAlwaysAllowIssuance
UnclosedFormControlIsInvalid
UnderlineOffsetThickness
UnoptimizedImagePolicies
UnsizedMediaPolicy
UserActivationPostMessageTransfer
UserActivationSameOriginVisibility
UserAgentClientHint
V8IdleTasks
VideoAutoFullscreen
VideoFullscreenOrientationLock
VideoPlaybackQuality
VideoRotateToFullscreen
VideoWakeLockOptimisationHiddenMuted
VirtualKeyboard
VisibilityCollapseColumn
WakeLock
WebAnimationsAPI
WebAnimationsSVG
WebAssemblySimd
WebAssemblyThreads
WebAuth
WebAuthenticationGetAssertionFeaturePolicy
WebBluetooth
WebBluetoothGetDevices
WebBluetoothRemoteCharacteristicNewWriteValue
WebBluetoothScanning
WebBluetoothWatchAdvertisements
WebCodecs
WebCryptoCurve25519
WebGL2ComputeContext
WebGLDraftExtensions
WebGLImageChromium
WebGPU
WebHID
WebNFC
WebScheduler
WebShare
WebShareV2
WebSocketStream
WebUSB
WebUSBOnDedicatedWorkers
WebVTTRegions
WebXR
WebXRAnchors
WebXRARModule
WebXRCameraAccess
WebXRHitTest
WebXRHitTestEntityTypes
WebXRLightEstimation
WebXRPlaneDetection
WindowPlacement
XSLT
