Accelerated2dCanvas
AcceleratedSmallCanvases
AccessibilityAriaVirtualContent
AccessibilityExposeDisplayNone
AccessibilityExposeHTMLElement
AccessibilityExposeIgnoredNodes
AccessibilityObjectModel
AccessibilityUseAXPositionForDocumentMarkers
AddEventListenerAbortSignal
AddressSpace
AdTagging
AllowActivationDelegationAttr
AllowContentInitiatedDataUrlNavigations
AllowSyncXHRInPageDismissal
AndroidDownloadableFontsMatching
AnimationWorklet
AOMAriaProperties
AOMAriaRelationshipProperties
AppCache
AppHistory
AriaTouchPassthrough
AudioOutputDevices
AudioVideoTracks
AudioWorkletRealtimeThread
AutoLazyLoadOnReloads
AutomaticLazyFrameLoading
AutomaticLazyImageLoading
AutomationControlled
AutoPictureInPicture
AutoplayIgnoresWebAudio
BackForwardCache
BackForwardCacheExperimentHTTPHeader
BackgroundFetch
BackgroundVideoTrackOptimization
Badging
BarcodeDetector
BatterySavingsMeta
BeforeMatchEvent
BidiCaretAffinity
BlinkRuntimeCallStats
BlockCredentialedSubresources
BlockingDownloadsInSandbox
BlockingFocusWithoutUserActivation
BrowserVerifiedUserActivationKeyboard
BrowserVerifiedUserActivationMouse
CacheInlineScriptCode
CacheStorageCodeCacheHint
Canvas2dImageChromium
Canvas2dScrollPathIntoView
CanvasColorManagement
CanvasFormattedText
CanvasHitRegion
CanvasImageSmoothing
CapabilityDelegation
CapabilityDelegationPaymentRequest
CaptureTimeInCsrc
ClickPointerEvent
ClickRetargetting
ClipboardSvg
COLRV1Fonts
CompositeAfterPaint
CompositeBGColorAnimation
CompositedSelectionUpdate
CompositeRelativeKeyframes
CompositeSVG
ComputedAccessibilityInfo
ComputePressure
ConsolidatedMovementXY
ContactsManager
ContactsManagerExtraProperties
ContentIndex
ContextMenu
ConversionMeasurement
ConversionMeasurementInfraSupport
CookiesWithoutSameSiteMustBeSecure
CooperativeScheduling
CorsRFC1918
CrossOriginIsolation
CrossOriginOpenerPolicyReporting
CSS3Text
CSSAccentColor
CSSAspectRatioInterpolation
CSSAspectRatioProperty
CSSAtRuleCounterStyle
CSSAtRuleCounterStyleImageSymbols
CSSAtRuleCounterStyleInShadowDOM
CSSCalcAsInt
CSSCalcInfinityAndNaN
CSSCaseSensitiveSelector
CSSColorSchemeUARendering
CSSColorTypedOM
CSSContainerQueries
CSSContainSize1D
CSSContentVisibility
CSSContentVisibilityHiddenMatchable
CSSFocusVisible
CSSFoldables
CSSFontFaceAdvanceOverride
CSSFontFaceSizeAdjust
CSSFontMetricsOverride
CSSFontSizeAdjust
CSSHexAlphaColor
CSSIndependentTransformProperties
CSSLayoutAPI
CSSLogical
CSSLogicalOverflow
CSSMarkerNestedPseudoElement
CSSMathDepth
CSSMathShift
CSSMathStyle
CSSMathVariant
CSSModules
CSSOffsetPathRay
CSSOffsetPathRayContain
CSSOffsetPositionAnchor
CSSPaintAPIArguments
CSSPictureInPicture
CSSPseudoDir
CSSPseudoIs
CSSPseudoPlayingPaused
CSSPseudoWhere
CSSScrollbars
CSSScrollTimeline
CSSSnapSize
CSSSpellingGrammarErrors
CSSSystemColorComputeToSelf
CSSTargetTextPseudoElement
CSSVariables2AtProperty
CSSVariables2ImageValues
CSSVariables2TransformValues
CullRectUpdate
CustomElementDefaultStyle
CustomStatePseudoClass
Database
DeclarativeShadowDOM
DecodeJpeg420ImagesToYUV
DecodeLossyWebPImagesToYUV
DelayAsyncScriptExecutionUntilFinishedParsing
DelayAsyncScriptExecutionUntilFirstPaintOrFinishedParsing
DelegatedInkTrails
DesktopCaptureDisableLocalEchoControl
DeviceAttributes
DevicePosture
DigitalGoods
DirectSockets
DisableHardwareNoiseSuppression
DisableLayerSquashing
DisallowDocumentAccess
DisplayCapturePermissionPolicy
DisplayCutoutAPI
DocumentCookie
DocumentDomain
DocumentPolicy
DocumentPolicyDocumentDomain
DocumentPolicyNegotiation
DocumentPolicySyncXHR
DocumentTransition
DocumentWrite
EditContext
EditingNG
EncryptedMediaEncryptionSchemeQuery
EncryptedMediaHdcpPolicyCheck
EnterKeyHintAttribute
EventTiming
ExecCommandInJavaScript
ExpensiveBackgroundTimerThrottling
ExperimentalContentSecurityPolicyFeatures
ExperimentalIsFramePending
ExperimentalIsInputPending
ExperimentalJSProfiler
ExperimentalPolicies
ExtendedTextMetrics
ExtraWebGLVideoTextureMetadata
EyeDropperAPI
FaceDetector
FakeNoAllocDirectCallForTesting
FeaturePolicyForClientHints
FeaturePolicyReporting
FetchUploadStreaming
FileHandling
FileSystem
FileSystemAccess
FileSystemAccessAPIExperimental
FledgeInterestGroupAPI
FocuslessSpatialNavigation
FontAccess
FontAccessPersistent
FontSrcLocalMatching
ForcedColors
ForceEagerMeasureMemory
ForceOverlayFullscreenVideo
ForceSynchronousHTMLParsing
ForceTallerSelectPopup
FractionalScrollOffsets
FreezeFramesOnVisibility
GamepadButtonAxisEvents
GetCurrentBrowsingContextMedia
GetDisplayMedia
GravitySensor
GroupEffect
HandwritingRecognition
HighlightAPI
HrefTranslate
HTMLPopupElement
HTMLSelectMenuElement
IDBPutAll
IDBRelaxedDurability
IdleDetection
IgnoreCrossOriginWindowWhenNamedAccessOnWindow
ImplicitRootScroller
ImportMaps
InertAttribute
InputMultipleFieldsUI
InstalledApp
InterestCohortAPI
InterestCohortFeaturePolicy
IntersectionObserverDocumentScrollingElementRoot
IsolatedCodeCache
KeyboardAccessibleTooltip
KeyboardFocusableScrollers
LangAttributeAwareFormControlUI
LangClientHintHeader
LayoutNG
LayoutNGBlockFragmentation
LayoutNGFragmentTraversal
LayoutNGFullPositionForPoint
LayoutNGGrid
LayoutNGLayoutOverflowRecalc
LayoutNGPrinting
LayoutNGReplaced
LayoutNGTable
LayoutNGTextControl
LazyFrameLoading
LazyFrameVisibleLoadTimeMetrics
LazyImageLoading
LazyImageVisibleLoadTimeMetrics
LazyInitializeMediaControls
LegacyWindowsDWriteFontFallback
ManagedConfiguration
ManagedInterface
ManualSlotting
MathMLCore
MeasureMemory
MediaCapabilitiesDynamicRange
MediaCapabilitiesEncodingInfo
MediaCapabilitiesEncryptedMedia
MediaCapabilitiesSpatialAudio
MediaCapture
MediaCaptureDepthVideoKind
MediaCastOverlayButton
MediaControlsExpandGesture
MediaControlsOverlayPlayButton
MediaControlsUseCutOutByDefault
MediaDocumentDownloadButton
MediaElementVolumeGreaterThanOne
MediaEngagementBypassAutoplayPolicies
MediaLatencyHint
MediaPreservesPitch
MediaQueryNavigationControls
MediaSession
MediaSessionPosition
MediaSessionWebRTC
MediaSourceExperimental
MediaSourceExtensionsForWebCodecs
MediaSourceInWorkers
MediaSourceNewAbortAndDuration
MediaSourceStable
MediaStreamInsertableStreams
MiddleClickAutoscroll
MobileLayoutTheme
ModalCloseWatcher
ModuleServiceWorker
MojoJS
MojoJSTest
MouseSubframeNoImplicitCapture
NamedPages
NavigatorContentUtils
NavigatorLanguageInInsecureContext
NetInfoDownlinkMax
NeverSlowMode
NewCanvas2DAPI
NewRemotePlaybackPipeline
NoIdleEncodingForWebTests
NotificationConstructor
NotificationContentImage
Notifications
NotificationTriggers
OffMainThreadCSSPaint
OffscreenCanvasCommit
OffsetParentNewSpecBehavior
OnDeviceChange
OrientationEvent
OriginIsolationHeader
OriginPolicy
OriginTrialsSampleAPI
OriginTrialsSampleAPIDependent
OriginTrialsSampleAPIDeprecation
OriginTrialsSampleAPIImplied
OriginTrialsSampleAPIInvalidOS
OriginTrialsSampleAPINavigation
OriginTrialsSampleAPIThirdParty
OverflowClip
OverscrollCustomization
PageFreezeOptIn
PageFreezeOptOut
PagePopup
PaintUnderInvalidationChecking
ParseUrlProtocolHandler
PassPaintVisualRectToCompositor
PasswordReveal
PaymentApp
PaymentHandlerChangePaymentMethod
PaymentHandlerHandlesShippingAndContact
PaymentHandlerMinimalUI
PaymentMethodChangeEvent
PaymentRequest
PaymentRequestMerchantValidationEvent
PaymentRetry
PercentBasedScrolling
PerformanceManagerInstrumentation
PeriodicBackgroundSync
PerMethodCanMakePaymentQuota
PermissionDelegation
Permissions
PermissionsPolicyHeader
PermissionsRequestRevoke
PictureInPicture
PictureInPictureAPI
PictureInPictureV2
PNaCl
PointerLockOptions
PointerRawUpdate
Portals
PreciseMemoryInfo
PreferNonCompositedScrolling
PrefersContrast
PrefersReducedData
PrefixedVideoFullscreen
Prerender2
Presentation
PriorityHints
PushMessaging
PushMessagingSubscriptionChange
QuotaChange
RawClipboard
RemotePlayback
RemotePlaybackBackend
RemoveMobileViewportDoubleTap
RequestVideoFrameCallback
RestrictAutomaticLazyFrameLoadingToDataSaver
RestrictAutomaticLazyImageLoadingToDataSaver
RestrictGamepadAccess
RtcAudioJitterBufferMaxPackets
RtcAudioJitterBufferRtxHandling
RTCExtendDeadlineForPlanBRemoval
RTCIceTransportExtension
RTCInsertableStreams
RTCQuicTransport
RTCRtpHeaderExtensionControl
RTCRtpTransceiverStop
RTCStatsRelativePacketArrivalDelay
RTCSvcScalabilityMode
RTCUnifiedPlan
RTCUnifiedPlanByDefault
SameSiteByDefaultCookies
SanitizerAPI
ScriptedSpeechRecognition
ScriptedSpeechSynthesis
ScrollbarGutter
ScrollbarWidth
ScrollCustomization
ScrollSnapAfterLayout
ScrollTimeline
ScrollTopLeftInterop
ScrollUnification
SecurePaymentConfirmation
SecurePaymentConfirmationDebug
SendBeaconThrowForBlobWithNonSimpleType
SendMouseEventsDisabledFormControls
SensorExtraClasses
Serial
ServiceWorkerClientLifecycleState
ServiceWorkerFetchEventWorkerTiming
SharedArrayBuffer
SharedArrayBufferOnDesktop
SharedArrayBufferUnrestrictedAccessAllowed
SharedAutofill
SharedWorker
SignatureBasedIntegrity
SignedExchangePrefetchCacheForNavigations
SignedExchangeSubresourcePrefetch
SkipAd
SkipTouchEventFilter
SpeculationRules
SpeculationRulesPrefetchProxy
SrcsetMaxDensity
StableBlinkFeatures
StorageAccessAPI
StorageBuckets
StorageFoundationAPI
StrictMimeTypesForWorkers
SubresourceWebBundles
SVGTextNG
SystemWakeLock
TargetBlankImpliesNoOpener
TestFeature
TestFeatureDependent
TestFeatureImplied
TextDetector
TextFragmentColorChange
TextFragmentIdentifiers
TextFragmentTapOpensContextMenu
ThirdPartyOriginTrials
ThrottleDisplayNoneAndVisibilityHiddenCrossOriginIframes
TimerThrottlingForBackgroundTabs
TimerThrottlingForHiddenFrames
TimeZoneChangeEvent
TouchEventFeatureDetection
TransferableStreams
TransformInterop
TranslateService
TrustedDOMTypes
TrustedTypeBeforePolicyCreationEvent
TrustedTypesUseCodeLike
TrustTokens
TrustTokensAlwaysAllowIssuance
UnclosedFormControlIsInvalid
UnderlineOffsetThickness
UnrestrictedSharedArrayBuffer
URLPattern
UserActivationSameOriginVisibility
UserAgentClientHint
UUID
V8IdleTasks
VideoAutoFullscreen
VideoFullscreenOrientationLock
VideoPlaybackQuality
VideoRotateToFullscreen
VideoWakeLockOptimisationHiddenMuted
VirtualKeyboard
VisibilityCollapseColumn
VisibilityStateEntry
WakeLock
WebAnimationsAPI
WebAnimationsSVG
WebAppLinkCapturing
WebAppsLockScreen
WebAppUrlHandling
WebAppWindowControlsOverlay
WebAssemblyCSP
WebAssemblyExceptions
WebAssemblySimd
WebAuth
WebAuthenticationConditionalUI
WebAuthenticationLargeBlobExtension
WebAuthenticationResidentKeyRequirement
WebBluetooth
WebBluetoothGetDevices
WebBluetoothRemoteCharacteristicNewWriteValue
WebBluetoothScanning
WebBluetoothWatchAdvertisements
WebCodecs
WebCryptoCurve25519
WebGLDraftExtensions
WebGLImageChromium
WebGPU
WebGPUImportTexture
WebHID
WebID
WebNFC
WebOTP
WebOTPAssertionFeaturePolicy
WebScheduler
WebShare
WebSocketStream
WebTransport
WebTransportCustomCertificates
WebUSB
WebUSBOnDedicatedWorkers
WebVTTRegions
WebXR
WebXRAnchors
WebXRARModule
WebXRCameraAccess
WebXRDepth
WebXRHandInput
WebXRHitTest
WebXRHitTestEntityTypes
WebXRImageTracking
WebXRLightEstimation
WebXRPlaneDetection
WebXRViewportScale
WheelEventRegions
WindowPlacement
WindowSegments
XSLT
