defaultTextEncodingName
passwordEchoEnabled
passwordEchoDurationInSeconds
validationMessageTimerMagnification
minimumFontSize
minimumLogicalFontSize
defaultFontSize
defaultFixedFontSize
editingBehaviorType
localStorageEnabled
allowUniversalAccessFromFileURLs
allowFileAccessFromFileURLs
supportsMultipleWindows
javaScriptCanAccessClipboard
shouldPrintBackgrounds
shouldClearDocumentBackground
HighlightAds
textAreasAreResizable
acceleratedCompositingEnabled
offlineWebApplicationCacheEnabled
allowScriptsToCloseWindows
downloadableBinaryFontsEnabled
preferCompositingToLCDTextEnabled
webGL1Enabled
webGL2Enabled
webGLErrorsToConsoleEnabled
antialiased2dCanvasEnabled
antialiasedClips2dCanvasEnabled
accelerated2dCanvasMSAASampleCount
hyperlinkAuditingEnabled
allowRunningOfInsecureContent
pictureInPictureEnabled
webAppScope
presentationRequiresUserGesture
embeddedMediaExperienceEnabled
immersiveModeEnabled
scrollAnimatorEnabled
threadedScrollingEnabled
mockGestureTapHighlightsEnabled
maxTouchPoints
multiTargetTapNotificationEnabled
barrelButtonForDragEnabled
syncXHRInDocumentsEnabled
targetBlankImpliesNoOpenerEnabledWillBeRemoved
allowNonEmptyNavigatorPlugins
cookieEnabled
navigateOnDragDrop
DOMPasteAllowed
allowCustomScrollbarInMainFrame
webSecurityEnabled
spatialNavigationEnabled
touchDragDropEnabled
touchDragEndContextMenu
defaultVideoPosterURL
smartInsertDeleteEnabled
selectTrailingWhitespaceEnabled
selectionIncludesAltImageText
selectionStrategy
useLegacyBackgroundSizeShorthandBehavior
viewportMetaZeroValuesQuirk
ignoreMainFrameOverflowHiddenQuirk
reportScreenSizeInPhysicalPixelsQuirk
viewportMetaMergeContentQuirk
wideViewportQuirkEnabled
forceZeroLayoutHeight
mainFrameClipsContent
useWideViewport
loadWithOverviewMode
shouldReuseGlobalForUnownedMainFrame
touchEditingEnabled
rubberBandingOnCompositorThread
caretBrowsingEnabled
accessibilityFontScaleFactor
mediaTypeOverride
displayModeOverride
loadsImagesAutomatically
imagesEnabled
imageAnimationPolicy
doHtmlPreloadScanning
pluginsEnabled
viewportEnabled
viewportMetaEnabled
shrinksViewportContentToFit
dnsPrefetchingEnabled
scriptEnabled
parserScriptingFlagPolicy
forceAndroidOverlayScrollbar
NetworkQuietTimeout
forceMainWorldInitialization
forceTouchEventFeatureDetectionForInspector
deviceScaleAdjustment
fullscreenSupported
v8CacheOptions
availablePointerTypes
availableHoverTypes
primaryPointerType
primaryHoverType
accessibilityPasswordValuesEnabled
inlineTextBoxAccessibilityEnabled
showContextMenuOnMouseUp
alwaysShowContextMenuOnTouch
disableReadingFromCanvas
strictMixedContentChecking
strictMixedContentCheckingForPlugin
strictPowerfulFeatureRestrictions
strictlyBlockBlockableMixedContent
allowGeolocationOnInsecureOrigins
logDnsPrefetchAndPreconnect
logPreload
smoothScrollForFindEnabled
viewportStyle
textTrackKindUserPreference
textTrackBackgroundColor
textTrackFontFamily
textTrackFontStyle
textTrackFontVariant
textTrackTextColor
textTrackTextShadow
textTrackTextSize
textTrackWindowColor
textTrackWindowPadding
textTrackWindowRadius
textTrackMarginPercentage
preferHiddenVolumeControls
disallowFetchForDocWrittenScriptsInMainFrameIfEffectively2G
disallowFetchForDocWrittenScriptsInMainFrameOnSlowConnections
disallowFetchForDocWrittenScriptsInMainFrame
dataSaverHoldbackWebApi
mainFrameResizesAreOrientationChanges
passiveListenerDefault
hideScrollbars
spellCheckEnabledByDefault
hideDownloadUI
presentationReceiver
mediaControlsEnabled
doNotUpdateSelectionOnMutatingSelectionRange
autoplayPolicy
forceDarkModeEnabled
navigatorPlatformOverride
lowPriorityIframesThreshold
shouldProtectAgainstIpcFlooding
lazyLoadEnabled
lazyFrameLoadingDistanceThresholdPxUnknown
lazyFrameLoadingDistanceThresholdPxOffline
lazyFrameLoadingDistanceThresholdPxSlow2G
lazyFrameLoadingDistanceThresholdPx2G
lazyFrameLoadingDistanceThresholdPx3G
lazyFrameLoadingDistanceThresholdPx4G
lazyImageLoadingDistanceThresholdPxUnknown
lazyImageLoadingDistanceThresholdPxOffline
lazyImageLoadingDistanceThresholdPxSlow2G
lazyImageLoadingDistanceThresholdPx2G
lazyImageLoadingDistanceThresholdPx3G
lazyImageLoadingDistanceThresholdPx4G
lazyImageFirstKFullyLoadUnknown
lazyImageFirstKFullyLoadSlow2G
lazyImageFirstKFullyLoad2G
lazyImageFirstKFullyLoad3G
lazyImageFirstKFullyLoad4G
preferredColorScheme
preferredContrast
prefersReducedMotion
DontSendKeyEventsToJavascript
navigationControls
accessibilityAlwaysShowFocus
ariaModalPrunesAXTree
useAXMenuList
selectionClipboardBufferAvailable
accessibilityIncludeSvgGElement
bypassCSP
textAutosizingEnabled
textAutosizingWindowSizeOverride
WebXRImmersiveArAllowed
