defaultTextEncodingName
passwordEchoEnabled
passwordEchoDurationInSeconds
validationMessageTimerMagnification
minimumAccelerated2dCanvasSize
minimumFontSize
minimumLogicalFontSize
defaultFontSize
defaultFixedFontSize
editingBehaviorType
localStorageEnabled
allowUniversalAccessFromFileURLs
allowFileAccessFromFileURLs
supportsMultipleWindows
javaScriptCanAccessClipboard
shouldPrintBackgrounds
shouldClearDocumentBackground
HighlightAds
textAreasAreResizable
acceleratedCompositingEnabled
offlineWebApplicationCacheEnabled
allowScriptsToCloseWindows
downloadableBinaryFontsEnabled
xssAuditorEnabled
preferCompositingToLCDTextEnabled
webGL1Enabled
webGL2Enabled
webGLErrorsToConsoleEnabled
antialiased2dCanvasEnabled
antialiasedClips2dCanvasEnabled
accelerated2dCanvasMSAASampleCount
hyperlinkAuditingEnabled
allowRunningOfInsecureContent
pictureInPictureEnabled
webAppScope
presentationRequiresUserGesture
embeddedMediaExperienceEnabled
immersiveModeEnabled
scrollAnimatorEnabled
threadedScrollingEnabled
mockGestureTapHighlightsEnabled
shouldRespectImageOrientation
maxTouchPoints
touchAdjustmentEnabled
multiTargetTapNotificationEnabled
barrelButtonForDragEnabled
syncXHRInDocumentsEnabled
cookieEnabled
navigateOnDragDrop
DOMPasteAllowed
allowCustomScrollbarInMainFrame
webSecurityEnabled
spatialNavigationEnabled
touchDragDropEnabled
defaultVideoPosterURL
smartInsertDeleteEnabled
selectTrailingWhitespaceEnabled
selectionIncludesAltImageText
selectionStrategy
useLegacyBackgroundSizeShorthandBehavior
viewportMetaZeroValuesQuirk
ignoreMainFrameOverflowHiddenQuirk
reportScreenSizeInPhysicalPixelsQuirk
viewportMetaMergeContentQuirk
wideViewportQuirkEnabled
forceZeroLayoutHeight
mainFrameClipsContent
useWideViewport
loadWithOverviewMode
shouldReuseGlobalForUnownedMainFrame
touchEditingEnabled
useSolidColorScrollbars
rubberBandingOnCompositorThread
accessibilityFontScaleFactor
mediaTypeOverride
displayModeOverride
loadsImagesAutomatically
imagesEnabled
imageAnimationPolicy
doHtmlPreloadScanning
pluginsEnabled
viewportEnabled
viewportMetaEnabled
shrinksViewportContentToFit
dnsPrefetchingEnabled
scriptEnabled
forceAndroidOverlayScrollbar
NetworkQuietTimeout
forceMainWorldInitialization
forceTouchEventFeatureDetectionForInspector
deviceScaleAdjustment
fullscreenSupported
v8CacheOptions
availablePointerTypes
availableHoverTypes
primaryPointerType
primaryHoverType
accessibilityPasswordValuesEnabled
inlineTextBoxAccessibilityEnabled
showContextMenuOnMouseUp
alwaysShowContextMenuOnTouch
disableReadingFromCanvas
strictMixedContentChecking
strictMixedContentCheckingForPlugin
strictPowerfulFeatureRestrictions
strictlyBlockBlockableMixedContent
allowGeolocationOnInsecureOrigins
logDnsPrefetchAndPreconnect
logPreload
smoothScrollForFindEnabled
viewportStyle
textTrackKindUserPreference
textTrackBackgroundColor
textTrackFontFamily
textTrackFontStyle
textTrackFontVariant
textTrackTextColor
textTrackTextShadow
textTrackTextSize
textTrackMarginPercentage
preferHiddenVolumeControls
disallowFetchForDocWrittenScriptsInMainFrameIfEffectively2G
disallowFetchForDocWrittenScriptsInMainFrameOnSlowConnections
disallowFetchForDocWrittenScriptsInMainFrame
dataSaverHoldbackWebApi
mainFrameResizesAreOrientationChanges
passiveListenerDefault
hideScrollbars
spellCheckEnabledByDefault
hideDownloadUI
presentationReceiver
mediaControlsEnabled
doNotUpdateSelectionOnMutatingSelectionRange
autoplayPolicy
darkMode
darkModeGrayscale
darkModeContrast
darkModeImagePolicy
darkModePagePolicy
darkModeTextBrightnessThreshold
darkModeBackgroundBrightnessThreshold
darkModeImageGrayscale
navigatorPlatformOverride
lowPriorityIframesThreshold
shouldProtectAgainstIpcFlooding
lazyLoadEnabled
lazyFrameLoadingDistanceThresholdPxUnknown
lazyFrameLoadingDistanceThresholdPxOffline
lazyFrameLoadingDistanceThresholdPxSlow2G
lazyFrameLoadingDistanceThresholdPx2G
lazyFrameLoadingDistanceThresholdPx3G
lazyFrameLoadingDistanceThresholdPx4G
lazyImageLoadingDistanceThresholdPxUnknown
lazyImageLoadingDistanceThresholdPxOffline
lazyImageLoadingDistanceThresholdPxSlow2G
lazyImageLoadingDistanceThresholdPx2G
lazyImageLoadingDistanceThresholdPx3G
lazyImageLoadingDistanceThresholdPx4G
preferredColorScheme
prefersReducedMotion
DontSendKeyEventsToJavascript
forcedColors
